Lorem ipsum dolor sit amet, consectetur 
adipiscing elit. Pellentesque sed 
dolor non arcu imperdiet placerat. 
Pellentesque ullamcorper urna vel 
magna pharetra, et placerat libero 
ultrices. Nunc ante ex, cursus 
non ultrices at, interdum vitae 
libero. Etiam nibh tortor, posuere 
ac tincidunt eget, commodo at nibh. 
Integer a fringilla lacus, tristique 
laoreet ligula. Pellentesque a 
sagittis neque. Curabitur molestie 
pharetra arcu, a rutrum libero 
tincidunt sed. Aliquam felis sapien, 
fringilla at varius nec, malesuada 
vel arcu. Fusce auctor mi et placerat 
dignissim. Fusce sit amet tellus 
mauris. Duis a lectus ligula. Nam 
viverra quam est, suscipit elementum 
ante porttitor iaculis. Nulla facilisi. 
Nam nec neque sed neque viverra 
congue id quis felis. Integer ultricies 
risus et viverra fermentum. Nam 
et metus dignissim, gravida lacus 
blandit, sodales est. Duis tincidunt, 
turpis eu posuere pellentesque, 
urna nisi accumsan ante, ut facilisis 
turpis felis in urna. In viverra 
sem eros, nec varius purus dapibus 
eu. Vestibulum eget nunc ac ligula 
dictum feugiat id at ligula. Class 
aptent taciti sociosqu ad litora 
torquent per conubia nostra, per 
inceptos himenaeos. Proin et lorem 
convallis, finibus ipsum at, vulputate 
metus. Phasellus vitae egestas 
felis. Proin a aliquet felis, eget 
convallis diam. Ut dapibus tellus 
vel nisi maximus, sit amet pharetra 
velit vestibulum. Etiam dictum, 
ligula id luctus egestas, massa 
mi congue odio, eget dapibus ipsum 
nisi mattis mi. Aliquam augue metus, 
congue sit amet pulvinar ac, imperdiet 
et purus. Aenean quis aliquet ipsum. 
Proin vestibulum sollicitudin erat 
eu molestie. Maecenas rutrum, ligula 
pellentesque sodales vestibulum, 
est lorem porta leo, eget vestibulum 
eros tellus id augue. Morbi urna 
mauris, auctor nec tortor ut, vestibulum 
ornare nisi. Nulla fringilla rhoncus 
ex, vitae ultrices urna molestie 
ut. Fusce sodales varius enim sed 
sagittis. Donec interdum efficitur 
eros, in rutrum quam ultrices dapibus. 
Phasellus ultricies eleifend leo, 
id luctus nisl consectetur vel. 
Fusce auctor a orci sit amet cursus. 
Quisque lacinia placerat pellentesque. 
Ut aliquam leo eget nisl pellentesque 
dapibus. Vivamus tincidunt fringilla 
nunc, vel sollicitudin arcu convallis 
elementum. Nullam facilisis sit 
amet lacus sed consequat. 
